{
  "google_books_id": "Wx1dLwEACAAJ",
  "title": "リーダブルコード",
  "description": "読んでわかるコードの重要性と方法について解説",
  "image": null,
  "isbn_10": "4873115655",
  "isbn_13": "9784873115658",
  "page_count": 237,
  "published_year": 2012,
  "published_month": 6,
  "published_date": 0,
  "status": 1,
  "memo": "メモメモメモ"
}
