{
  "id": 1,
  "user_name": "user_name",
  "email": "user@example.c",
  "token": "sample_token"
}
