[
  {
    "title":"リーダブルコード",
    "authors":["Dustin Boswell","Trevor Foucher"],
    "description":"読んでわかるコードの重要性と方法について解説",
    "isbn_10":"4873115655",
    "isbn_13":"9784873115658",
    "page_count":237,
    "created_at":"2012-06"
  },
  {
    "title":"ExcelVBAを実務で使い倒す技術",
    "authors":["高橋宣成"],
    "description":"本書では、VBAを実務の現場で活かすための知識(テクニック)と知恵(考え方とコツ)を教えます!",
    "isbn_10":"4798049999",
    "isbn_13":"9784798049991",
    "page_count":289,
    "created_at":"2017-04"
  }
]
