{
  "user_name": "user_name",
  "email": "user@example.com",
  "token": "sample_token"
}
